Expected primary expression but got token slash on line 3
