Syntax error: non-void function main must have a return statement
