Syntax error: parameter type mismatch in function fred
