Syntax error: unrecognized character 36 on line 3
