Syntax error: return type mismatch in function main
