a = 255
b = a
c = 1234567890
d = Hello, World!
e = 255
